// Jest Snapshot v1, https://goo.gl/fbAQLP

exports[`Filter screen test Filter screen snapshot test should render correctly 1`] = `
<View
  style={
    Object {
      "backgroundColor": "#FFFFFF",
      "flexGrow": 1,
      "paddingTop": 15,
    }
  }
>
  <View
    style={
      Object {
        "paddingHorizontal": 20,
      }
    }
  >
    <View
      onResponderRelease={[Function]}
      onStartShouldSetResponder={[Function]}
      pointerEvents="auto"
    >
      <View
        collapsable={false}
        style={
          Object {
            "alignItems": "flex-end",
            "flexDirection": "row",
            "height": 64,
            "paddingBottom": 8,
            "paddingLeft": 0,
            "paddingRight": 0,
            "paddingTop": 16,
          }
        }
      >
        <View
          pointerEvents="none"
          style={
            Array [
              Object {
                "bottom": 0,
                "left": 0,
                "overflow": "hidden",
                "position": "absolute",
                "right": 0,
                "top": 0,
              },
              undefined,
            ]
          }
        >
          <View
            collapsable={false}
            style={
              Object {
                "borderColor": "rgba(0, 0, 0, 0.38)",
                "borderStyle": "solid",
                "borderWidth": 0.5,
                "bottom": 0,
                "left": -3,
                "position": "absolute",
                "right": -3,
                "top": -3,
              }
            }
          />
        </View>
        <View
          style={
            Object {
              "alignSelf": "stretch",
              "flex": 1,
            }
          }
        >
          <View
            collapsable={false}
            style={
              Object {
                "left": "-100%",
                "paddingLeft": "50%",
                "position": "absolute",
                "top": 0,
                "transform": Array [
                  Object {
                    "scale": 1,
                  },
                  Object {
                    "translateY": 20,
                  },
                  Object {
                    "translateX": 0,
                  },
                ],
                "width": "200%",
              }
            }
          >
            <Text
              collapsable={false}
              numberOfLines={1}
              style={
                Object {
                  "color": "rgba(0, 0, 0, 0.38)",
                  "fontSize": 16,
                  "includeFontPadding": false,
                  "lineHeight": 16,
                  "textAlign": "left",
                  "textAlignVertical": "top",
                }
              }
            >
              Komoditas
            </Text>
          </View>
          <View
            style={
              Object {
                "alignItems": "flex-end",
                "flex": 1,
                "flexDirection": "row",
              }
            }
          >
            <View
              style={
                Object {
                  "flexDirection": "row",
                }
              }
            >
              <View
                style={Object {}}
              />
              <TextInput
                autoCapitalize="sentences"
                disableFullscreenUI={true}
                editable={true}
                onBlur={[Function]}
                onChange={[Function]}
                onChangeText={[Function]}
                onContentSizeChange={[Function]}
                onFocus={[Function]}
                selectionColor="rgb(0, 145, 234)"
                style={
                  Array [
                    Object {
                      "flex": 1,
                      "includeFontPadding": false,
                      "margin": 0,
                      "padding": 0,
                      "paddingTop": 0,
                      "textAlign": "left",
                      "textAlignVertical": "top",
                      "top": 2,
                    },
                    Object {
                      "color": "rgba(0, 0, 0, .87)",
                      "fontSize": 16,
                      "height": 24,
                    },
                    undefined,
                  ]
                }
                underlineColorAndroid="transparent"
                value=""
              />
            </View>
          </View>
        </View>
      </View>
      <View
        style={
          Array [
            Object {
              "alignItems": "flex-start",
              "flexDirection": "row",
              "justifyContent": "flex-end",
            },
            Object {
              "minHeight": 8,
              "paddingLeft": 0,
              "paddingRight": 0,
            },
            undefined,
            undefined,
          ]
        }
      />
    </View>
    <View
      onResponderRelease={[Function]}
      onStartShouldSetResponder={[Function]}
      pointerEvents="auto"
    >
      <View
        collapsable={false}
        style={
          Object {
            "alignItems": "flex-end",
            "flexDirection": "row",
            "height": 64,
            "paddingBottom": 8,
            "paddingLeft": 0,
            "paddingRight": 0,
            "paddingTop": 16,
          }
        }
      >
        <View
          pointerEvents="none"
          style={
            Array [
              Object {
                "bottom": 0,
                "left": 0,
                "overflow": "hidden",
                "position": "absolute",
                "right": 0,
                "top": 0,
              },
              undefined,
            ]
          }
        >
          <View
            collapsable={false}
            style={
              Object {
                "borderColor": "rgba(0, 0, 0, 0.38)",
                "borderStyle": "solid",
                "borderWidth": 0.5,
                "bottom": 0,
                "left": -3,
                "position": "absolute",
                "right": -3,
                "top": -3,
              }
            }
          />
        </View>
        <View
          style={
            Object {
              "alignSelf": "stretch",
              "flex": 1,
            }
          }
        >
          <View
            collapsable={false}
            style={
              Object {
                "left": "-100%",
                "paddingLeft": "50%",
                "position": "absolute",
                "top": 0,
                "transform": Array [
                  Object {
                    "scale": 1,
                  },
                  Object {
                    "translateY": 20,
                  },
                  Object {
                    "translateX": 0,
                  },
                ],
                "width": "200%",
              }
            }
          >
            <Text
              collapsable={false}
              numberOfLines={1}
              style={
                Object {
                  "color": "rgba(0, 0, 0, 0.38)",
                  "fontSize": 16,
                  "includeFontPadding": false,
                  "lineHeight": 16,
                  "textAlign": "left",
                  "textAlignVertical": "top",
                }
              }
            >
              Provinsi
            </Text>
          </View>
          <View
            style={
              Object {
                "alignItems": "flex-end",
                "flex": 1,
                "flexDirection": "row",
              }
            }
          >
            <View
              style={
                Object {
                  "flexDirection": "row",
                }
              }
            >
              <View
                style={Object {}}
              />
              <TextInput
                autoCapitalize="sentences"
                disableFullscreenUI={true}
                editable={true}
                onBlur={[Function]}
                onChange={[Function]}
                onChangeText={[Function]}
                onContentSizeChange={[Function]}
                onFocus={[Function]}
                selectionColor="rgb(0, 145, 234)"
                style={
                  Array [
                    Object {
                      "flex": 1,
                      "includeFontPadding": false,
                      "margin": 0,
                      "padding": 0,
                      "paddingTop": 0,
                      "textAlign": "left",
                      "textAlignVertical": "top",
                      "top": 2,
                    },
                    Object {
                      "color": "rgba(0, 0, 0, .87)",
                      "fontSize": 16,
                      "height": 24,
                    },
                    undefined,
                  ]
                }
                underlineColorAndroid="transparent"
                value=""
              />
            </View>
          </View>
        </View>
      </View>
      <View
        style={
          Array [
            Object {
              "alignItems": "flex-start",
              "flexDirection": "row",
              "justifyContent": "flex-end",
            },
            Object {
              "minHeight": 8,
              "paddingLeft": 0,
              "paddingRight": 0,
            },
            undefined,
            undefined,
          ]
        }
      />
    </View>
    <View
      onResponderRelease={[Function]}
      onStartShouldSetResponder={[Function]}
      pointerEvents="auto"
    >
      <View
        collapsable={false}
        style={
          Object {
            "alignItems": "flex-end",
            "flexDirection": "row",
            "height": 64,
            "paddingBottom": 8,
            "paddingLeft": 0,
            "paddingRight": 0,
            "paddingTop": 16,
          }
        }
      >
        <View
          pointerEvents="none"
          style={
            Array [
              Object {
                "bottom": 0,
                "left": 0,
                "overflow": "hidden",
                "position": "absolute",
                "right": 0,
                "top": 0,
              },
              undefined,
            ]
          }
        >
          <View
            collapsable={false}
            style={
              Object {
                "borderColor": "rgba(0, 0, 0, 0.38)",
                "borderStyle": "solid",
                "borderWidth": 0.5,
                "bottom": 0,
                "left": -3,
                "position": "absolute",
                "right": -3,
                "top": -3,
              }
            }
          />
        </View>
        <View
          style={
            Object {
              "alignSelf": "stretch",
              "flex": 1,
            }
          }
        >
          <View
            collapsable={false}
            style={
              Object {
                "left": "-100%",
                "paddingLeft": "50%",
                "position": "absolute",
                "top": 0,
                "transform": Array [
                  Object {
                    "scale": 1,
                  },
                  Object {
                    "translateY": 20,
                  },
                  Object {
                    "translateX": 0,
                  },
                ],
                "width": "200%",
              }
            }
          >
            <Text
              collapsable={false}
              numberOfLines={1}
              style={
                Object {
                  "color": "rgba(0, 0, 0, 0.38)",
                  "fontSize": 16,
                  "includeFontPadding": false,
                  "lineHeight": 16,
                  "textAlign": "left",
                  "textAlignVertical": "top",
                }
              }
            >
              City
            </Text>
          </View>
          <View
            style={
              Object {
                "alignItems": "flex-end",
                "flex": 1,
                "flexDirection": "row",
              }
            }
          >
            <View
              style={
                Object {
                  "flexDirection": "row",
                }
              }
            >
              <View
                style={Object {}}
              />
              <TextInput
                autoCapitalize="sentences"
                disableFullscreenUI={true}
                editable={true}
                onBlur={[Function]}
                onChange={[Function]}
                onChangeText={[Function]}
                onContentSizeChange={[Function]}
                onFocus={[Function]}
                selectionColor="rgb(0, 145, 234)"
                style={
                  Array [
                    Object {
                      "flex": 1,
                      "includeFontPadding": false,
                      "margin": 0,
                      "padding": 0,
                      "paddingTop": 0,
                      "textAlign": "left",
                      "textAlignVertical": "top",
                      "top": 2,
                    },
                    Object {
                      "color": "rgba(0, 0, 0, .87)",
                      "fontSize": 16,
                      "height": 24,
                    },
                    undefined,
                  ]
                }
                underlineColorAndroid="transparent"
                value=""
              />
            </View>
          </View>
        </View>
      </View>
      <View
        style={
          Array [
            Object {
              "alignItems": "flex-start",
              "flexDirection": "row",
              "justifyContent": "flex-end",
            },
            Object {
              "minHeight": 8,
              "paddingLeft": 0,
              "paddingRight": 0,
            },
            undefined,
            undefined,
          ]
        }
      />
    </View>
    <View
      onResponderRelease={[Function]}
      onStartShouldSetResponder={[Function]}
      pointerEvents="auto"
    >
      <View
        collapsable={false}
        style={
          Object {
            "alignItems": "flex-end",
            "flexDirection": "row",
            "height": 64,
            "paddingBottom": 8,
            "paddingLeft": 0,
            "paddingRight": 0,
            "paddingTop": 16,
          }
        }
      >
        <View
          pointerEvents="none"
          style={
            Array [
              Object {
                "bottom": 0,
                "left": 0,
                "overflow": "hidden",
                "position": "absolute",
                "right": 0,
                "top": 0,
              },
              undefined,
            ]
          }
        >
          <View
            collapsable={false}
            style={
              Object {
                "borderColor": "rgba(0, 0, 0, 0.38)",
                "borderStyle": "solid",
                "borderWidth": 0.5,
                "bottom": 0,
                "left": -3,
                "position": "absolute",
                "right": -3,
                "top": -3,
              }
            }
          />
        </View>
        <View
          style={
            Object {
              "alignSelf": "stretch",
              "flex": 1,
            }
          }
        >
          <View
            collapsable={false}
            style={
              Object {
                "left": "-100%",
                "paddingLeft": "50%",
                "position": "absolute",
                "top": 0,
                "transform": Array [
                  Object {
                    "scale": 1,
                  },
                  Object {
                    "translateY": 20,
                  },
                  Object {
                    "translateX": 0,
                  },
                ],
                "width": "200%",
              }
            }
          >
            <Text
              collapsable={false}
              numberOfLines={1}
              style={
                Object {
                  "color": "rgba(0, 0, 0, 0.38)",
                  "fontSize": 16,
                  "includeFontPadding": false,
                  "lineHeight": 16,
                  "textAlign": "left",
                  "textAlignVertical": "top",
                }
              }
            >
              Size
            </Text>
          </View>
          <View
            style={
              Object {
                "alignItems": "flex-end",
                "flex": 1,
                "flexDirection": "row",
              }
            }
          >
            <View
              style={
                Object {
                  "flexDirection": "row",
                }
              }
            >
              <View
                style={Object {}}
              />
              <TextInput
                autoCapitalize="sentences"
                disableFullscreenUI={true}
                editable={true}
                keyboardType="numeric"
                onBlur={[Function]}
                onChange={[Function]}
                onChangeText={[Function]}
                onContentSizeChange={[Function]}
                onFocus={[Function]}
                selectionColor="rgb(0, 145, 234)"
                style={
                  Array [
                    Object {
                      "flex": 1,
                      "includeFontPadding": false,
                      "margin": 0,
                      "padding": 0,
                      "paddingTop": 0,
                      "textAlign": "left",
                      "textAlignVertical": "top",
                      "top": 2,
                    },
                    Object {
                      "color": "rgba(0, 0, 0, .87)",
                      "fontSize": 16,
                      "height": 24,
                    },
                    undefined,
                  ]
                }
                underlineColorAndroid="transparent"
                value=""
              />
            </View>
          </View>
        </View>
      </View>
      <View
        style={
          Array [
            Object {
              "alignItems": "flex-start",
              "flexDirection": "row",
              "justifyContent": "flex-end",
            },
            Object {
              "minHeight": 8,
              "paddingLeft": 0,
              "paddingRight": 0,
            },
            undefined,
            undefined,
          ]
        }
      />
    </View>
    <View
      onResponderRelease={[Function]}
      onStartShouldSetResponder={[Function]}
      pointerEvents="auto"
    >
      <View
        collapsable={false}
        style={
          Object {
            "alignItems": "flex-end",
            "flexDirection": "row",
            "height": 64,
            "paddingBottom": 8,
            "paddingLeft": 0,
            "paddingRight": 0,
            "paddingTop": 16,
          }
        }
      >
        <View
          pointerEvents="none"
          style={
            Array [
              Object {
                "bottom": 0,
                "left": 0,
                "overflow": "hidden",
                "position": "absolute",
                "right": 0,
                "top": 0,
              },
              undefined,
            ]
          }
        >
          <View
            collapsable={false}
            style={
              Object {
                "borderColor": "rgba(0, 0, 0, 0.38)",
                "borderStyle": "solid",
                "borderWidth": 0.5,
                "bottom": 0,
                "left": -3,
                "position": "absolute",
                "right": -3,
                "top": -3,
              }
            }
          />
        </View>
        <View
          style={
            Object {
              "alignSelf": "stretch",
              "flex": 1,
            }
          }
        >
          <View
            collapsable={false}
            style={
              Object {
                "left": "-100%",
                "paddingLeft": "50%",
                "position": "absolute",
                "top": 0,
                "transform": Array [
                  Object {
                    "scale": 1,
                  },
                  Object {
                    "translateY": 20,
                  },
                  Object {
                    "translateX": 0,
                  },
                ],
                "width": "200%",
              }
            }
          >
            <Text
              collapsable={false}
              numberOfLines={1}
              style={
                Object {
                  "color": "rgba(0, 0, 0, 0.38)",
                  "fontSize": 16,
                  "includeFontPadding": false,
                  "lineHeight": 16,
                  "textAlign": "left",
                  "textAlignVertical": "top",
                }
              }
            >
              Harga
            </Text>
          </View>
          <View
            style={
              Object {
                "alignItems": "flex-end",
                "flex": 1,
                "flexDirection": "row",
              }
            }
          >
            <View
              style={
                Object {
                  "flexDirection": "row",
                }
              }
            >
              <View
                style={Object {}}
              />
              <TextInput
                autoCapitalize="sentences"
                disableFullscreenUI={true}
                editable={true}
                keyboardType="numeric"
                onBlur={[Function]}
                onChange={[Function]}
                onChangeText={[Function]}
                onContentSizeChange={[Function]}
                onFocus={[Function]}
                selectionColor="rgb(0, 145, 234)"
                style={
                  Array [
                    Object {
                      "flex": 1,
                      "includeFontPadding": false,
                      "margin": 0,
                      "padding": 0,
                      "paddingTop": 0,
                      "textAlign": "left",
                      "textAlignVertical": "top",
                      "top": 2,
                    },
                    Object {
                      "color": "rgba(0, 0, 0, .87)",
                      "fontSize": 16,
                      "height": 24,
                    },
                    undefined,
                  ]
                }
                underlineColorAndroid="transparent"
                value=""
              />
            </View>
          </View>
        </View>
      </View>
      <View
        style={
          Array [
            Object {
              "alignItems": "flex-start",
              "flexDirection": "row",
              "justifyContent": "flex-end",
            },
            Object {
              "minHeight": 8,
              "paddingLeft": 0,
              "paddingRight": 0,
            },
            undefined,
            undefined,
          ]
        }
      />
    </View>
    <View
      style={
        Array [
          Object {
            "borderColor": "#EFEFEF",
            "borderRadius": 5,
            "padding": 20,
          },
          false,
        ]
      }
    >
      <View
        accessibilityRole="button"
        accessible={true}
        collapsable={false}
        focusable={true}
        onClick={[Function]}
        onResponderGrant={[Function]}
        onResponderMove={[Function]}
        onResponderRelease={[Function]}
        onResponderTerminate={[Function]}
        onResponderTerminationRequest={[Function]}
        onStartShouldSetResponder={[Function]}
        style={
          Object {
            "opacity": 1,
          }
        }
        testID="button-filter-order"
      >
        <View
          style={
            Array [
              Object {},
            ]
          }
        >
          <Text
            style={
              Array [
                Object {
                  "color": "#007AFF",
                  "fontSize": 18,
                  "margin": 8,
                  "textAlign": "center",
                },
              ]
            }
          >
            Simpan Data
          </Text>
        </View>
      </View>
    </View>
  </View>
</View>
`;
